// Jest Snapshot v1, https://goo.gl/fbAQLP

exports[`getAllDeps works with monorepo 1`] = `
Map {
  "test-dev-dep" => [
    {
      "file": "packages/a",
      "type": "devDependencies",
      "version": "3.4.5",
    },
    {
      "file": "packages/b",
      "type": "devDependencies",
      "version": "3.4.5",
    },
  ],
  "test-dep" => [
    {
      "file": "packages/b",
      "type": "dependencies",
      "version": "latest",
    },
    {
      "file": "package.json",
      "type": "dependencies",
      "version": "1.2.3",
    },
  ],
  "test-resolution" => [
    {
      "file": "packages/b",
      "type": "resolutions",
      "version": "1.1.1",
    },
  ],
}
`;
